--------- beginning of main
01-01 00:02:37.666   298   299 I adbd    : initializing functionfs
01-01 00:02:37.666   298   299 I adbd    : opening control endpoint /dev/usb-ffs/adb/ep0
01-01 00:02:37.670   298   299 I adbd    : functionfs successfully initialized
01-01 00:02:37.670   298   299 I adbd    : registering usb transport
01-01 00:02:37.671   298   301 E cutils-trace: Error opening trace file: No such file or directory (2)
01-01 00:02:31.096   297   297 W auditd  : type=2000 audit(0.0:1): initialized
01-01 00:02:32.280   297   297 I auditd  : type=1403 audit(0.0:2): policy loaded auid=4294967295 ses=4294967295
01-01 00:02:32.280   297   297 W auditd  : type=1404 audit(0.0:3): enforcing=1 old_enforcing=0 auid=4294967295 ses=4294967295
01-01 00:02:32.370     1     1 W init    : type=1400 audit(0.0:4): avc: denied { relabelto } for name="boot" dev="tmpfs" ino=1278 scontext=u:r:init:s0 tcontext=u:object_r:boot_block_device:s0 tclass=lnk_file permissive=0
01-01 00:02:32.370     1     1 W init    : type=1400 audit(0.0:5): avc: denied { mac_admin } for capability=33 scontext=u:r:init:s0 tcontext=u:r:init:s0 tclass=capability2 permissive=0
01-01 00:02:32.370   297   297 W auditd  : type=1401 audit(0.0:6): op=setxattr invalid_context="u:object_r:vbmeta_block_device:s0"
01-01 00:02:32.370     1     1 W init    : type=1400 audit(0.0:7): avc: denied { mac_admin } for capability=33 scontext=u:r:init:s0 tcontext=u:r:init:s0 tclass=capability2 permissive=0
01-01 00:02:32.370   297   297 W auditd  : type=1401 audit(0.0:8): op=setxattr invalid_context="u:object_r:vendor_block_device:s0"
01-01 00:02:32.380   251   251 W init    : type=1400 audit(0.0:9): avc: denied { read } for name="vendor_file_contexts" dev="rootfs" ino=10798 scontext=u:r:vendor_init:s0 tcontext=u:object_r:rootfs:s0 tclass=file permissive=0
01-01 00:02:32.380     1     1 W init    : type=1400 audit(0.0:10): avc: denied { setcheckreqprot } for scontext=u:r:init:s0 tcontext=u:object_r:kernel:s0 tclass=security permissive=0
01-01 00:02:37.650   297   297 I init    : type=1400 audit(0.0:420): avc: denied { entrypoint } for path="/sbin/logd" dev="rootfs" ino=7716 scontext=u:r:logd:s0 tcontext=u:object_r:rootfs:s0 tclass=file permissive=1
01-01 00:02:37.650   297   297 I logd    : type=1400 audit(0.0:421): avc: denied { read execute } for path="/sbin/logd" dev="rootfs" ino=7716 scontext=u:r:logd:s0 tcontext=u:object_r:rootfs:s0 tclass=file permissive=1
01-01 00:02:37.650   297   297 I logd    : type=1400 audit(0.0:422): avc: denied { getattr } for path="/sbin/logd" dev="rootfs" ino=7716 scontext=u:r:logd:s0 tcontext=u:object_r:rootfs:s0 tclass=file permissive=1
01-01 00:02:37.650   297   297 I logd    : type=1400 audit(0.0:423): avc: denied { open } for path="/sbin/ld.config.txt" dev="rootfs" ino=7639 scontext=u:r:logd:s0 tcontext=u:object_r:rootfs:s0 tclass=file permissive=1
01-01 00:02:37.660     1     1 I init    : type=1400 audit(0.0:424): avc: denied { write } for name="saving" dev="sysfs" ino=12640 scontext=u:r:init:s0 tcontext=u:object_r:sysfs:s0 tclass=file permissive=1
01-01 00:02:37.660     1     1 I init    : type=1400 audit(0.0:425): avc: denied { open } for path="/sys/devices/platform/mt_usb/saving" dev="sysfs" ino=12640 scontext=u:r:init:s0 tcontext=u:object_r:sysfs:s0 tclass=file permissive=1
01-01 00:02:37.690   262   262 I recovery: type=1400 audit(0.0:426): avc: denied { read } for name="temp" dev="sysfs" ino=18686 scontext=u:r:recovery:s0 tcontext=u:object_r:sysfs:s0 tclass=file permissive=1
01-01 00:02:37.690   262   262 I recovery: type=1400 audit(0.0:427): avc: denied { open } for path="/sys/devices/virtual/thermal/thermal_zone0/temp" dev="sysfs" ino=18686 scontext=u:r:recovery:s0 tcontext=u:object_r:sysfs:s0 tclass=file permissive=1
01-01 00:02:37.690   262   262 I recovery: type=1400 audit(0.0:428): avc: denied { getattr } for path="/sys/devices/virtual/thermal/thermal_zone0/temp" dev="sysfs" ino=18686 scontext=u:r:recovery:s0 tcontext=u:object_r:sysfs:s0 tclass=file permissive=1
01-01 00:02:37.770   253   253 I ueventd : type=1400 audit(0.0:429): avc: denied { mac_admin } for capability=33 scontext=u:r:ueventd:s0 tcontext=u:r:ueventd:s0 tclass=capability2 permissive=1
01-01 00:02:37.770   253   253 I ueventd : type=1400 audit(0.0:430): avc: denied { create } for name="mmcblk1" scontext=u:r:ueventd:s0 tcontext=u:object_r:unlabeled:s0 tclass=blk_file permissive=1
01-01 00:02:37.770   253   253 I ueventd : type=1400 audit(0.0:431): avc: denied { setattr } for name="mmcblk1" dev="tmpfs" ino=14645 scontext=u:r:ueventd:s0 tcontext=u:object_r:unlabeled:s0 tclass=blk_file permissive=1
01-01 00:02:37.780   253   253 I ueventd : type=1400 audit(0.0:432): avc: denied { create } for name="mmcblk1p1" scontext=u:r:ueventd:s0 tcontext=u:object_r:unlabeled:s0 tclass=blk_file permissive=1
01-01 00:02:37.780   253   253 I ueventd : type=1400 audit(0.0:433): avc: denied { setattr } for name="mmcblk1p1" dev="tmpfs" ino=14648 scontext=u:r:ueventd:s0 tcontext=u:object_r:unlabeled:s0 tclass=blk_file permissive=1
01-01 00:02:38.070   262   262 I recovery: type=1400 audit(0.0:434): avc: denied { getattr } for path="/vndservice_contexts" dev="rootfs" ino=10830 scontext=u:r:recovery:s0 tcontext=u:object_r:vndservice_contexts_file:s0 tclass=file permissive=1
01-01 00:02:38.990   262   262 I recovery: type=1400 audit(0.0:512): avc: denied { write } for name="brightness" dev="sysfs" ino=24330 scontext=u:r:recovery:s0 tcontext=u:object_r:sysfs:s0 tclass=file permissive=1
01-01 00:02:39.003   298   302 E adbd    : remote usb: read terminated (message): No such device
01-01 00:02:39.087   318   320 I adbd    : initializing functionfs
01-01 00:02:39.087   318   320 I adbd    : opening control endpoint /dev/usb-ffs/adb/ep0
01-01 00:02:39.088   318   320 I adbd    : functionfs successfully initialized
01-01 00:02:39.088   318   320 I adbd    : registering usb transport
01-01 00:02:39.088   318   321 E cutils-trace: Error opening trace file: No such file or directory (2)
01-01 00:02:39.090   262   262 I recovery: type=1400 audit(0.0:513): avc: denied { create } for name="orsin" scontext=u:r:recovery:s0 tcontext=u:object_r:rootfs:s0 tclass=fifo_file permissive=1
01-01 00:02:39.090   262   262 I recovery: type=1400 audit(0.0:514): avc: denied { read } for name="orsin" dev="rootfs" ino=14680 scontext=u:r:recovery:s0 tcontext=u:object_r:rootfs:s0 tclass=fifo_file permissive=1
01-01 00:02:39.090   262   262 I recovery: type=1400 audit(0.0:515): avc: denied { open } for path="/sbin/orsin" dev="rootfs" ino=14680 scontext=u:r:recovery:s0 tcontext=u:object_r:rootfs:s0 tclass=fifo_file permissive=1
01-01 00:02:39.090   262   262 I recovery: type=1400 audit(0.0:516): avc: denied { read } for scontext=u:r:recovery:s0 tcontext=u:r:recovery:s0 tclass=netlink_kobject_uevent_socket permissive=1
01-01 00:02:56.420   262   262 I recovery: type=1400 audit(0.0:523): avc: denied { create } for name="twadbfifo" scontext=u:r:recovery:s0 tcontext=u:object_r:tmpfs:s0 tclass=fifo_file permissive=1
01-01 00:02:56.420   262   262 I recovery: type=1400 audit(0.0:524): avc: denied { read } for name="twadbfifo" dev="tmpfs" ino=6499 scontext=u:r:recovery:s0 tcontext=u:object_r:tmpfs:s0 tclass=fifo_file permissive=1
01-01 00:02:56.420   262   262 I recovery: type=1400 audit(0.0:525): avc: denied { open } for path="/tmp/twadbfifo" dev="tmpfs" ino=6499 scontext=u:r:recovery:s0 tcontext=u:object_r:tmpfs:s0 tclass=fifo_file permissive=1
01-01 00:02:56.680   262   262 I recovery: type=1400 audit(0.0:526): avc: denied { unlink } for name="orsin" dev="rootfs" ino=14680 scontext=u:r:recovery:s0 tcontext=u:object_r:rootfs:s0 tclass=fifo_file permissive=1
01-01 00:03:01.320   262   262 I recovery: type=1400 audit(0.0:527): avc: denied { getattr } for path="/vendor_service_contexts" dev="rootfs" ino=10829 scontext=u:r:recovery:s0 tcontext=u:object_r:nonplat_service_contexts_file:s0 tclass=file permissive=1
01-01 00:03:01.320   262   262 I recovery: type=1400 audit(0.0:528): avc: denied { getattr } for path="/vendor_seapp_contexts" dev="rootfs" ino=10828 scontext=u:r:recovery:s0 tcontext=u:object_r:seapp_contexts_file:s0 tclass=file permissive=1
01-01 00:03:01.320   262   262 I recovery: type=1400 audit(0.0:529): avc: denied { getattr } for path="/vendor_hwservice_contexts" dev="rootfs" ino=10826 scontext=u:r:recovery:s0 tcontext=u:object_r:hwservice_contexts_file:s0 tclass=file permissive=1
01-01 00:03:01.320   262   262 I recovery: type=1400 audit(0.0:530): avc: denied { getattr } for path="/sepolicy" dev="rootfs" ino=7859 scontext=u:r:recovery:s0 tcontext=u:object_r:sepolicy_file:s0 tclass=file permissive=1
01-01 00:03:01.320   262   262 I recovery: type=1400 audit(0.0:531): avc: denied { getattr } for path="/plat_service_contexts" dev="rootfs" ino=7543 scontext=u:r:recovery:s0 tcontext=u:object_r:service_contexts_file:s0 tclass=file permissive=1
01-01 00:03:37.710   343   343 I recovery: type=1400 audit(0.0:532): avc: denied { read write } for name="0" dev="devpts" ino=3 scontext=u:r:recovery:s0 tcontext=u:object_r:devpts:s0 tclass=chr_file permissive=1
01-01 00:03:37.710   343   343 I recovery: type=1400 audit(0.0:533): avc: denied { open } for path="/dev/pts/0" dev="devpts" ino=3 scontext=u:r:recovery:s0 tcontext=u:object_r:devpts:s0 tclass=chr_file permissive=1
01-01 00:03:37.710   343   343 I recovery: type=1400 audit(0.0:534): avc: denied { ioctl } for path="/dev/pts/0" dev="devpts" ino=3 ioctlcmd=0x540e scontext=u:r:recovery:s0 tcontext=u:object_r:devpts:s0 tclass=chr_file permissive=1
01-01 00:03:37.720   343   343 I sh      : type=1400 audit(0.0:535): avc: denied { getattr } for path="/dev/pts/0" dev="devpts" ino=3 scontext=u:r:recovery:s0 tcontext=u:object_r:devpts:s0 tclass=chr_file permissive=1
01-01 00:03:53.634   345   345 F keystore: keystore_main.cpp:135] Check failed: argc >= 2 A directory must be specified!
--------- beginning of crash
01-01 00:03:53.634   345   345 F libc    : Fatal signal 6 (SIGABRT), code -6 (SI_TKILL) in tid 345 (keystore), pid 345 (keystore)
01-01 00:03:53.635   347   347 F libc    : exec failed: No such file or directory
01-01 00:03:53.636   345   345 F libc    : crash_dump helper failed to exec
01-01 00:03:55.623   348   348 F keystore: keystore_main.cpp:135] Check failed: argc >= 2 A directory must be specified!
01-01 00:03:55.623   348   348 F libc    : Fatal signal 6 (SIGABRT), code -6 (SI_TKILL) in tid 348 (keystore), pid 348 (keystore)
01-01 00:03:55.624   350   350 F libc    : exec failed: No such file or directory
01-01 00:03:55.625   348   348 F libc    : crash_dump helper failed to exec
01-01 00:03:56.722   351   351 F keystore: keystore_main.cpp:135] Check failed: argc >= 2 A directory must be specified!
01-01 00:03:56.722   351   351 F libc    : Fatal signal 6 (SIGABRT), code -6 (SI_TKILL) in tid 351 (keystore), pid 351 (keystore)
01-01 00:03:56.723   353   353 F libc    : exec failed: No such file or directory
01-01 00:03:56.724   351   351 F libc    : crash_dump helper failed to exec
01-01 00:03:59.384   354   354 F keystore: keystore_main.cpp:135] Check failed: argc >= 2 A directory must be specified!
01-01 00:03:59.385   354   354 F libc    : Fatal signal 6 (SIGABRT), code -6 (SI_TKILL) in tid 354 (keystore), pid 354 (keystore)
01-01 00:03:59.386   356   356 F libc    : exec failed: No such file or directory
01-01 00:03:59.386   354   354 F libc    : crash_dump helper failed to exec
01-01 00:04:06.480   357   357 I logcat  : type=1400 audit(0.0:536): avc: denied { write } for name="logdr" dev="tmpfs" ino=11634 scontext=u:r:recovery:s0 tcontext=u:object_r:logdr_socket:s0 tclass=sock_file permissive=1
01-01 00:04:06.480   357   357 I logcat  : type=1400 audit(0.0:537): avc: denied { connectto } for path="/dev/socket/logdr" scontext=u:r:recovery:s0 tcontext=u:r:logd:s0 tclass=unix_stream_socket permissive=1
01-01 00:05:04.684   362   362 F keystore: keystore_main.cpp:135] Check failed: argc >= 2 A directory must be specified!
01-01 00:05:04.685   362   362 F libc    : Fatal signal 6 (SIGABRT), code -6 (SI_TKILL) in tid 362 (keystore), pid 362 (keystore)
01-01 00:05:04.686   364   364 F libc    : exec failed: No such file or directory
01-01 00:05:04.687   362   362 F libc    : crash_dump helper failed to exec
01-01 00:05:06.175   365   365 F keystore: keystore_main.cpp:135] Check failed: argc >= 2 A directory must be specified!
01-01 00:05:06.175   365   365 F libc    : Fatal signal 6 (SIGABRT), code -6 (SI_TKILL) in tid 365 (keystore), pid 365 (keystore)
01-01 00:05:06.176   367   367 F libc    : exec failed: No such file or directory
01-01 00:05:06.177   365   365 F libc    : crash_dump helper failed to exec
01-01 00:05:25.021   368   368 E ServiceManager: failed to open binder driver --help
01-01 00:05:31.060   369   369 I servicemanager: type=1400 audit(0.0:538): avc: denied { set_context_mgr } for scontext=u:r:recovery:s0 tcontext=u:r:recovery:s0 tclass=binder permissive=1
01-01 00:05:31.060   369   369 I servicemanager: type=1400 audit(0.0:539): avc: denied { read } for name="plat_service_contexts" dev="rootfs" ino=6554 scontext=u:r:recovery:s0 tcontext=u:object_r:service_contexts_file:s0 tclass=file permissive=1
01-01 00:05:31.060   369   369 I servicemanager: type=1400 audit(0.0:540): avc: denied { read } for name="vendor_service_contexts" dev="rootfs" ino=10829 scontext=u:r:recovery:s0 tcontext=u:object_r:nonplat_service_contexts_file:s0 tclass=file permissive=1
01-01 00:05:31.060   369   369 I servicemanager: type=1400 audit(0.0:541): avc: denied { open } for path="/vendor_service_contexts" dev="rootfs" ino=10829 scontext=u:r:recovery:s0 tcontext=u:object_r:nonplat_service_contexts_file:s0 tclass=file permissive=1
01-01 00:05:31.060   369   369 I servicemanager: type=1400 audit(0.0:542): avc: denied { open } for path="/system/etc/selinux/plat_service_contexts" dev="rootfs" ino=6554 scontext=u:r:recovery:s0 tcontext=u:object_r:service_contexts_file:s0 tclass=file permissive=1
01-01 00:05:31.072   369   369 I SELinux : SELinux: Loaded service_contexts from:
01-01 00:05:31.074   369   369 I SELinux :     /system/etc/selinux/plat_service_contexts
01-01 00:05:31.074   369   369 I SELinux :     /vendor_service_contexts
01-01 00:05:38.500   262   262 I recovery: type=1400 audit(0.0:543): avc: denied { getattr } for path="/vndservice_contexts" dev="rootfs" ino=10830 scontext=u:r:recovery:s0 tcontext=u:object_r:vndservice_contexts_file:s0 tclass=file permissive=1
01-01 00:05:43.590   262   262 I recovery: type=1400 audit(0.0:544): avc: denied { write } for name="/" dev="rootfs" ino=1 scontext=u:r:recovery:s0 tcontext=u:object_r:rootfs:s0 tclass=dir permissive=1
01-01 00:05:46.690   262   262 I recovery: type=1400 audit(0.0:545): avc: denied { getattr } for path="/system_root/storage" dev="mmcblk0p20" ino=7898 scontext=u:r:recovery:s0 tcontext=u:object_r:storage_file:s0 tclass=dir permissive=1
01-01 00:05:54.540   262   262 I recovery: type=1400 audit(0.0:546): avc: denied { remove_name } for name="system" dev="rootfs" ino=7862 scontext=u:r:recovery:s0 tcontext=u:object_r:rootfs:s0 tclass=dir permissive=1
01-01 00:05:54.540   262   262 I recovery: type=1400 audit(0.0:547): avc: denied { rmdir } for name="system" dev="rootfs" ino=7862 scontext=u:r:recovery:s0 tcontext=u:object_r:rootfs:s0 tclass=dir permissive=1
01-01 00:06:02.280   262   262 I recovery: type=1400 audit(0.0:548): avc: denied { getattr } for path="/system/bin/hwservicemanager" dev="rootfs" ino=6548 scontext=u:r:recovery:s0 tcontext=u:object_r:hwservicemanager_exec:s0 tclass=file permissive=1
01-01 00:06:02.280   262   262 I recovery: type=1400 audit(0.0:549): avc: denied { getattr } for path="/system/bin/gatekeeperd" dev="rootfs" ino=14697 scontext=u:r:recovery:s0 tcontext=u:object_r:gatekeeperd_exec:s0 tclass=file permissive=1
01-01 00:06:02.280   262   262 I recovery: type=1400 audit(0.0:550): avc: denied { getattr } for path="/system/bin/servicemanager" dev="rootfs" ino=11704 scontext=u:r:recovery:s0 tcontext=u:object_r:servicemanager_exec:s0 tclass=file permissive=1
01-01 00:06:02.280   262   262 I recovery: type=1400 audit(0.0:551): avc: denied { getattr } for path="/system/bin/keystore" dev="rootfs" ino=14696 scontext=u:r:recovery:s0 tcontext=u:object_r:keystore_exec:s0 tclass=file permissive=1
01-01 00:06:14.081   372   372 I SELinux : SELinux: Loaded service_contexts from:
01-01 00:06:14.082   372   372 I SELinux :     /system/etc/selinux/plat_service_contexts
01-01 00:06:14.082   372   372 I SELinux :     /vendor_service_contexts
01-01 00:06:22.639   373   373 E hw-ProcessState: Binder driver protocol(8) does not match user space protocol(7)!
01-01 00:06:22.640   373   373 E hw-ProcessState: Binder ioctl to set max threads failed: Bad file descriptor
01-01 00:06:22.640   373   373 E hw-ProcessState: Binder driver could not be opened.  Terminating.
01-01 00:06:22.640   373   373 E hw-ProcessState: Binder ioctl to set max threads failed: Bad file descriptor
01-01 00:06:22.630   373   373 I hwservicemanage: type=1400 audit(0.0:552): avc: denied { read } for name="plat_hwservice_contexts" dev="rootfs" ino=6557 scontext=u:r:recovery:s0 tcontext=u:object_r:hwservice_contexts_file:s0 tclass=file permissive=1
01-01 00:06:22.630   373   373 I hwservicemanage: type=1400 audit(0.0:553): avc: denied { open } for path="/system/etc/selinux/plat_hwservice_contexts" dev="rootfs" ino=6557 scontext=u:r:recovery:s0 tcontext=u:object_r:hwservice_contexts_file:s0 tclass=file permissive=1
01-01 00:06:22.630   373   373 I hwservicemanage: type=1400 audit(0.0:554): avc: denied { create } for scontext=u:r:recovery:s0 tcontext=u:r:recovery:s0 tclass=netlink_selinux_socket permissive=1
01-01 00:06:22.630   373   373 I hwservicemanage: type=1400 audit(0.0:555): avc: denied { bind } for scontext=u:r:recovery:s0 tcontext=u:r:recovery:s0 tclass=netlink_selinux_socket permissive=1
01-01 00:06:22.630   373   373 I hwservicemanage: type=1400 audit(0.0:556): avc: denied { read } for name="perms" dev="selinuxfs" ino=67112181 scontext=u:r:recovery:s0 tcontext=u:object_r:selinuxfs:s0 tclass=dir permissive=1
01-01 00:06:22.630   373   373 I hwservicemanage: type=1400 audit(0.0:557): avc: denied { open } for path="/sys/fs/selinux/class/hwservice_manager/perms" dev="selinuxfs" ino=67112181 scontext=u:r:recovery:s0 tcontext=u:object_r:selinuxfs:s0 tclass=dir permissive=1
01-01 00:06:22.642   373   373 E SELinux : avc:  denied  { add } for interface=android.hidl.manager::IServiceManager sid=u:r:recovery:s0 pid=373 scontext=u:r:recovery:s0 tcontext=u:object_r:hidl_manager_hwservice:s0 tclass=hwservice_manager permissive=1
01-01 00:06:22.644   373   373 E SELinux : avc:  denied  { add } for interface=android.hidl.base::IBase sid=u:r:recovery:s0 pid=373 scontext=u:r:recovery:s0 tcontext=u:object_r:hidl_base_hwservice:s0 tclass=hwservice_manager permissive=1
01-01 00:06:22.645   373   373 E SELinux : avc:  denied  { add } for interface=android.hidl.token::ITokenManager sid=u:r:recovery:s0 pid=373 scontext=u:r:recovery:s0 tcontext=u:object_r:hidl_token_hwservice:s0 tclass=hwservice_manager permissive=1
01-01 00:06:22.645   373   373 E hw-ProcessState: Binder ioctl to become context manager failed: Bad file descriptor
01-01 00:06:22.648   322   322 E adbd    : remote usb: read terminated (message): No such device
01-01 00:06:22.649   318   318 I adbd    : closing functionfs transport
01-01 00:06:22.650   373   373 I hwservicemanager: hwservicemanager is ready now.
01-01 00:06:22.651   373   373 F libc    : FORTIFY: pthread_mutex_lock called on a destroyed mutex (0xa85740c0)
01-01 00:06:22.651   373   373 F libc    : Fatal signal 6 (SIGABRT), code -6 (SI_TKILL) in tid 373 (hwservicemanage), pid 373 (hwservicemanage)
01-01 00:06:22.653   375   375 F libc    : exec failed: No such file or directory
01-01 00:06:22.653   373   373 F libc    : crash_dump helper failed to exec
01-01 00:06:22.896   318   320 I adbd    : initializing functionfs
01-01 00:06:22.896   318   320 I adbd    : functionfs successfully initialized
01-01 00:06:22.896   318   320 I adbd    : registering usb transport
01-01 00:06:31.169   378   378 E hw-ProcessState: Binder driver protocol(8) does not match user space protocol(7)!
01-01 00:06:31.169   378   378 E hw-ProcessState: Binder ioctl to set max threads failed: Bad file descriptor
01-01 00:06:31.169   378   378 E hw-ProcessState: Binder driver could not be opened.  Terminating.
01-01 00:06:31.169   378   378 E hw-ProcessState: Binder ioctl to set max threads failed: Bad file descriptor
01-01 00:06:31.171   378   378 E SELinux : avc:  denied  { add } for interface=android.hidl.manager::IServiceManager sid=u:r:recovery:s0 pid=378 scontext=u:r:recovery:s0 tcontext=u:object_r:hidl_manager_hwservice:s0 tclass=hwservice_manager permissive=1
01-01 00:06:31.173   378   378 E SELinux : avc:  denied  { add } for interface=android.hidl.base::IBase sid=u:r:recovery:s0 pid=378 scontext=u:r:recovery:s0 tcontext=u:object_r:hidl_base_hwservice:s0 tclass=hwservice_manager permissive=1
01-01 00:06:31.173   378   378 E SELinux : avc:  denied  { add } for interface=android.hidl.token::ITokenManager sid=u:r:recovery:s0 pid=378 scontext=u:r:recovery:s0 tcontext=u:object_r:hidl_token_hwservice:s0 tclass=hwservice_manager permissive=1
01-01 00:06:31.173   378   378 E hw-ProcessState: Binder ioctl to become context manager failed: Bad file descriptor
01-01 00:06:31.175   318   377 E adbd    : remote usb: read terminated (message): No such device
01-01 00:06:31.176   318   318 I adbd    : closing functionfs transport
01-01 00:06:31.177   378   378 I hwservicemanager: hwservicemanager is ready now.
01-01 00:06:31.178   378   378 F libc    : FORTIFY: pthread_mutex_lock called on a destroyed mutex (0xb321b0c0)
01-01 00:06:31.178   378   378 F libc    : Fatal signal 6 (SIGABRT), code -6 (SI_TKILL) in tid 378 (hwservicemanage), pid 378 (hwservicemanage)
01-01 00:06:31.179   380   380 F libc    : exec failed: No such file or directory
01-01 00:06:31.179   378   378 F libc    : crash_dump helper failed to exec
01-01 00:06:31.386   318   320 I adbd    : initializing functionfs
01-01 00:06:31.386   318   320 I adbd    : functionfs successfully initialized
01-01 00:06:31.386   318   320 I adbd    : registering usb transport
01-01 00:07:12.633   383   383 I gatekeeperd: Starting gatekeeperd...
01-01 00:07:12.633   383   383 E gatekeeperd: A directory must be specified!
01-01 00:07:17.954   384   384 I gatekeeperd: Starting gatekeeperd...
01-01 00:07:17.954   384   384 E gatekeeperd: chdir: --help: No such file or directory
